// Jest Snapshot v1, https://goo.gl/fbAQLP

exports[`>>> Book component renders a specefic Book information should call setState with initial values on component mount 1`] = `
<div>
  <Loader />
</div>
`;
