// Jest Snapshot v1, https://goo.gl/fbAQLP

exports[` NotFound Component should render NotFound component 1`] = `
<h4>
  404- Page not Found
</h4>
`;
